✔ ANÁLISE SEMÂNTICA VÁLIDA

CÓDIGO JS GERADO:
// Código gerado automaticamente
const fs = require('fs');

const input = JSON.parse(fs.readFileSync('data.json', 'utf-8'));
const filteredData = input.filter(item => item.idade > 18);
const result = filteredData.map(item => ({
  nome: item.nome
}));
fs.writeFileSync('maiores_de_18.json', JSON.stringify(result, null, 2));