✔ ANÁLISE SEMÂNTICA VÁLIDA

CÓDIGO JS GERADO:
// Código gerado automaticamente
const fs = require('fs');

const input = JSON.parse(fs.readFileSync('data.json', 'utf-8'));
const filteredData = input.filter(item => item.cliente?.idade <= 25);
const result = filteredData.map(item => ({
  cliente_nome: item.cliente?.nome
}));