ERRO DE SINTAXE: Linha 2:15 - mismatched input '<EOF>' expecting {'.', STRING, NUMBER}